<generatedTop>
  <k>
    .
  </k>
  <exit-code>
    0
  </exit-code>
  <ethereum>
    <solidity>
      <execEngine>
        <output>
          .
        </output>
        <statusCode>
          .
        </statusCode>
        <callStack>
          .List
        </callStack>
        <interimStates>
          .List
        </interimStates>
        <touchedAccounts>
          .
        </touchedAccounts>
        <currentAccount>
          #account ( 0 , #Testing-Engine# )
        </currentAccount>
        <result>
          #undef_Value
        </result>
        <mode>
          .
        </mode>
        <callState>
          <program>
            .
          </program>
          <id>
            0
          </id>
          <caller>
            .
          </caller>
          <callData>
            .
          </callData>
          <callValue>
            0
          </callValue>
          <env>
            .Map
          </env>
          <tenv>
            .Map
          </tenv>
          <localMem>
            .Map
          </localMem>
          <gas>
            0
          </gas>
          <memoryUsed>
            0
          </memoryUsed>
          <previousGas>
            0
          </previousGas>
          <static>
            false
          </static>
          <callDepth>
            0
          </callDepth>
          <abnormalMode>
            false
          </abnormalMode>
          <abnormalCode>
            .
          </abnormalCode>
          <isExternalFunctionCall>
            false
          </isExternalFunctionCall>
        </callState>
        <substate>
          <selfDestruct>
            .Set
          </selfDestruct>
          <log>
            .List
          </log>
          <refund>
            0
          </refund>
        </substate>
        <gasPrice>
          0
        </gasPrice>
        <origin>
          0
        </origin>
        <block>
          <hashes>
            .List
          </hashes>
          <coinbase>
            0
          </coinbase>
          <difficulty>
            0
          </difficulty>
          <number>
            0
          </number>
          <gasLimit>
            0
          </gasLimit>
          <timestamp>
            0
          </timestamp>
        </block>
      </execEngine>
      <contracts>
        .Map
      </contracts>
    </solidity>
    <network>
      <activeAccounts>
        .Set
      </activeAccounts>
      <accounts>
        .Map
      </accounts>
      <txOrder>
        .List
      </txOrder>
      <txPending>
        .List
      </txPending>
      <messages>
        .Map
      </messages>
    </network>
  </ethereum>
</generatedTop>
